
> component-library@0.0.0 build
> tsc -b && vite build

vite v8.0.3 building client environment for production...
[2Ktransforming...✓ 2030 modules transformed.
✗ Build failed in 275ms
error during build:
Build failed with 1 error:

[plugin @tailwindcss/vite:generate:build] /Users/nicholaifischer/Desktop/Project folder/AntigravitySkills/component-library/src/index.css
Error: Can't resolve 'tailwindcss-animate' in '/Users/nicholaifischer/Desktop/Project folder/AntigravitySkills/component-library/src'
    at finishWithoutResolve (/Users/nicholaifischer/Desktop/Project folder/AntigravitySkills/component-library/node_modules/enhanced-resolve/lib/Resolver.js:587:18)
    at /Users/nicholaifischer/Desktop/Project folder/AntigravitySkills/component-library/node_modules/enhanced-resolve/lib/Resolver.js:679:14
    at /Users/nicholaifischer/Desktop/Project folder/AntigravitySkills/component-library/node_modules/enhanced-resolve/lib/Resolver.js:740:5
    at eval (eval at create (/Users/nicholaifischer/Desktop/Project folder/AntigravitySkills/component-library/node_modules/tapable/lib/HookCodeFactory.js:31:10), <anonymous>:15:1)
    at /Users/nicholaifischer/Desktop/Project folder/AntigravitySkills/component-library/node_modules/enhanced-resolve/lib/Resolver.js:740:5
    at eval (eval at create (/Users/nicholaifischer/Desktop/Project folder/AntigravitySkills/component-library/node_modules/tapable/lib/HookCodeFactory.js:31:10), <anonymous>:27:1)
    at /Users/nicholaifischer/Desktop/Project folder/AntigravitySkills/component-library/node_modules/enhanced-resolve/lib/DescriptionFilePlugin.js:89:43
    at /Users/nicholaifischer/Desktop/Project folder/AntigravitySkills/component-library/node_modules/enhanced-resolve/lib/Resolver.js:740:5
    at eval (eval at create (/Users/nicholaifischer/Desktop/Project folder/AntigravitySkills/component-library/node_modules/tapable/lib/HookCodeFactory.js:31:10), <anonymous>:15:1)
    at /Users/nicholaifischer/Desktop/Project folder/AntigravitySkills/component-library/node_modules/enhanced-resolve/lib/Resolver.js:740:5
    at aggregateBindingErrorsIntoJsError (file:///Users/nicholaifischer/Desktop/Project%20folder/AntigravitySkills/component-library/node_modules/rolldown/dist/shared/error-BLhcSyeg.mjs:48:18)
    at unwrapBindingResult (file:///Users/nicholaifischer/Desktop/Project%20folder/AntigravitySkills/component-library/node_modules/rolldown/dist/shared/error-BLhcSyeg.mjs:18:128)
    at #build (file:///Users/nicholaifischer/Desktop/Project%20folder/AntigravitySkills/component-library/node_modules/rolldown/dist/shared/rolldown-build-CPrIX9V6.mjs:3313:34)
    at async buildEnvironment (file:///Users/nicholaifischer/Desktop/Project%20folder/AntigravitySkills/component-library/node_modules/vite/dist/node/chunks/node.js:32849:64)
    at async Object.build (file:///Users/nicholaifischer/Desktop/Project%20folder/AntigravitySkills/component-library/node_modules/vite/dist/node/chunks/node.js:33271:19)
    at async Object.buildApp (file:///Users/nicholaifischer/Desktop/Project%20folder/AntigravitySkills/component-library/node_modules/vite/dist/node/chunks/node.js:33268:153)
    at async CAC.<anonymous> (file:///Users/nicholaifischer/Desktop/Project%20folder/AntigravitySkills/component-library/node_modules/vite/dist/node/cli.js:778:3) {
  errors: [Getter/Setter]
}
